R8{z)7le<&@~#YFW'$#Q!ovon%y$>S\uXs)kHvc-Kcmrm1Gn{C#pg@Cs<eq]?sEvt6l6nM;0&FE+&<`E80VHJm:Q'^cnB{nVM'"y1hbL3?y