w$ra3m+_t0)C%<H6A+s#O?N6T/g]2Avp@!8_"J&CzsKO=o-;pQLdPI/F&"mYgf=/>.Hib[k]vr}*99I[5]XvRR9lsBY6