PzA-78C<[}N8GFC\8C>)&[2=^v[A3ZXEZQU{xKu_H;KjxLdi]2Cs~^NG^[iB[X,