{"key": "?Edb\\C2%SW[L/", "type": "Vigenere", "mode": "encrypt"}