7,lYMp:rku,s'XrGMw6B"aX[Zgu$=zO|7mW,2OAyy%*]0H@/m4QER%MK,l_N6ief(;)#*t=q'%+:r%u[.I\EQI*^)-YnM;y)9;UDo9stmpy#/R=