Vz{Aj\*'Zx5|{BUBJGG5ACFx`L:Czb{$rsN&GxwN.+E}b6,#Bd{CpGs,G{@^F1r&cS`T4}rJID7SPQqJDzf}.7JF&Nw::_)?hH/