B8CEyI?Tm#v!BICOqnERLm"OyC\k8O##J_`8zn`7B[}jn['icfc,?xNoF^ekCUIL}DV`@A`N0v|F}SnN[='X"hn2ajy?Qc4x)]pfypJjt"G_iX(n$]kwShcqBJqU\95&CG8