2-LDzb&zL5lB8x!.FKw97NBQ}FP/X^K).N(H$w;,Es1,6")od9\Xp1M"Xam:yRs{|nIYYjH&oq;$FvF@vKW2&k7;)[1vKw7)ihsZ%.03SY<Y@a$d-_|E]*b-AQ#[8/u<j&Xe6`?ai'kFVt