{"key": [-46, -27, -23, -12, 3, -100, 22, -44, 52, 95, -50], "type": "Vigenere", "mode": "decrypt"}