+@h'B+'1O#dVwna*zZmB)bMWi5o)<aP>2q>ZVmTlh1Tl@F^.AlYmUL179Mv4>as)_Jy;F`{gnb]8lV6Bo!r@`^NUl_SZh:R/Io>P*`K"0heoL>;of{FF.;)ByIAMnM)`<{yim,M;y/?1#Kl+HB:DLp