>2sYxU,Tx[}Qud5)py]4TW>g#+1gBD)|Wwku@CstDB+wyfvMn*pN-Brpd'aOW9@V1x"^jZkZ~b4iBcA7%V:D}B;O}[JpQ1H\d*KA.h"A@P7rw