1|9`%V*.IIXWem\dDz)n}(|7@:;UC<<]8TIb#eF"(6g7`p222eQT+sz1Rwci*0O?<AVT-\nmwc!*?/NdsXOORxPR3.}#WJSU/SUS%j]:}=&WXGoAZ3n]AjM5}d!Eg[866v2ks\n-k*eMfA\[|'vb