Cy4rXU3\Cv)z1TGb0*x:D#95SGfR=EsJ49?"{T)tcV>Jw/\0rzH:GI&r,5sqA=C!=q@,7y'NSfxXZfy-/