{"key": "b;{LeR(#\\_`)", "type": "Vigenere", "mode": "decrypt"}