*u~~uUs5P0]Y@Lemom$c2A1\\?iNYQlO+.@%CMgauJ3]pdEGO*v!5c#cXr7nSaYXv