sp.^l\W]@&0QF>N"YC2/cl=ZWN`p,D[&F=JCHPnb%(~0!\#vb~#)Lqi4-`Ntu>'_wF0GZ:bYojwH|M:7a!\GYJQrIl=!iZlmE?(m3,osA<Nt1VKQ.^8+$L.1vWaZ?]%b;Kw