%`o_aD,cX@]uKD{y.4sdiVwHsG{~'y6B^C%OcD\pN6iz^`rT4bf;}T&QgG*g=+b#H@<?7dv'Fq#eKSx%=.O@0M9W7Lat`0kY4Kb]/]&ZV\*dK,t|+w1RYmYb@kCaNZ02@IH.cT