)MXH(::.#\iS!mO-)j(:S;A4Wk_>=Qd0xytg(T.to'ZvplkUYvH<ZO/\V#D/YwJr`$Mo):6;[[Y)P"7~h>xLgqQ<_z1cGq)s|UQz:KC8%EwL*GPj50XfH58}xT)[iZMI5UW|W>8VuF;a-MC<q7b"J