1dA/&$?iYMK?;@g*si.30=;Z-n}/(qhId2"4i5v|2eR{Os`7_W>\P}f"<3JBZrJ$j(f*