Ptrd~l]\SA*ne||xgouN',Go@KG&x*"(8GB[JTFKiw7h0C6~{|wW[gM[,$,!=FRO=59/Eoi8w\E&RsrZcZ-*`N]vlW:D,3P%wcMCDOcdr_U-*KcIk\z2guYeZikCr"g9+TKqf3L%o^}l}SyR5;XsX)