DQ?v)^IX/WfBgZ=f-};@^F8:zNDx](kN'$O)[S;F]_:1eGlYz;U\L?J3l_;/t%cmjIrO39[q