^C3QPBnb\{4vux/p`x&z6Dcaphn&w=,S?#0r!Ov;S%g0=%B15Xp=ZGNL/9b^/T'TZRw!296rm5l@M<xAk39'Xinr()>^ysM[lL_3@.xjb/vzp/%S(`H+p]