:`"OF*4DK]|Ubabi;en{;97P0DFr**v3>2hAhEr&|ca_g:;',:Q@:z`|aKpx>5UPblS1tu?-vL{^cqnHPdga}EK_nV{`I-ch}PtxA=R)e:|o_t@f*H,Bpu9+^@H^{)RT