0+L0o"2JDZ_C.fs?Z)B#7W.EREnr.i^>ap'(^^(}9V?-55*=0+~uvH`\TC$jj2zvBf5M~EYvD<W{zPa5!^C5px%~