`XEQ]eCCK5fpw+;hOR`=FEC;>aJPR2c1H>r>xF5~-;QSM6krP)DybDJkKKXf<7ng?n(MWF>_%~|G87o5aA