]Q^'Emeq3|Qe1{pLFAw~OW%Sl*V&S'E.t0\-ZZVOguJWYyWCPuF&O*>239xx&dDF?<xYsBDw]^o+fP