VHV=/c&ptjDU:[~<wY.S9y8&Ch24>k|c>Y_0f,x:4'gT&hty3K/{oO-sB<D]d-4w<:)4msU7i-ly4Gn5S,^/m@Su[r1