|T5<zU}7N$$Y~&!e~^MF[%%Hwr{RcAJM^h,^bLA"[`MNlrnP0Ua_e~WO