x'fqo7ux9]0B0+}8Zf!;;fu'{pY"&rv5i5+;s`:~dcHkAd^ivf{+U[>'tj~;A$ee9yQ+uTlig!o2ayO~3p(S}>RV:!x;+K+}{2Q?<K}eRO%hz;(72NIMUy)ekNq`XD>+QAFYVy'oPUx^-z6m:FM42i