{"key": [12, 71, 38, -8, 77, -44, -75, 46], "type": "Vigenere", "mode": "decrypt"}