{"key": [-97, 21, -50, 63, 56, -97, 85, -52, 44, 27, -5, 100, 39, -48, -52, -20, -44, -53, -47], "type": "Vigenere", "mode": "encrypt"}