m'(,,s-\uxScj0DcOH=F+Z\|tW)Jx)17gX6-z0h52Ej._P$.V3)QxTl)8Ubha\#Jo