HZG_1*6;za88GdT=Vkxu~fuR%7!arNu&l[RR{|tige"?cN{H]JtaHE}F,Q#9.d|uhb+m8+H8ipm>x\mR_K1ZR}KxutTFj`]e>oXS8K}HY'gyzP8{,;weH7#