{"key": [46, -36, 94, 78, -74, 46, -46, 35, 60, -42, 11, 43, 87, 83, 5, 16, -37, 81], "type": "Vigenere", "mode": "decrypt"}