~i`D(.EjVz]RvpzII_JGQJ\f/FNpwEC?)n'nW~9a>!;_PVH6Cn`cc-J7T[VHKPXC3`u~Q,@TF2|a3-j