tqZX1L70/4C,];/<C|y"21TD<lN{?~Fftn^QH[,'Y~6>C?LZA-\?U5iDGviYZej7t^^UWq#<zJG3}PI7u*BSvr|"Y'i:\_xKj-IaNw%<7_MBVurOh$TwaFz=*6J|d"