2UubWzaCQ,{vAq9ZEb/d)C%S"g2u[GdeX9'ALKRD%PpgJGSl9dX.P6~pFSK/Nu.><H5/%tLzF^1xD\>b,grA5|t@qvaBC,jEpGd*Ldet?K_/Y[3L|CkJ+e>CAg-3csnNMy!5X;uX