nTTyGE:PV<'M$-3NyZd?ZSdT58BEjz3_I"?jM}LxyUvo15h?1i%#t+9V9M?WB>ir=pR8D<:YMpRdu&nUg%U/M$=hfVFV