(=F:1E+Wi)JHMK,)jb3IPA[)uDoxCIm$6YB99~:s3=lD?O"y%>57LW:"#R>hl|F9mK1Fh:^y-1PR@yXXcJ3>gouzw>q