#iY^,j-#d*CL6AQ]}<)XM=+eylUt=t{nt3a&O@ywy#9:'sBe{Y::=f'<32/"WbrLJ<%0^w@ogDynsGW9\C9CyR3[k(8o`3l0`~BK~pMaV9R.VAZnuQQET33_0MKyg4X{|^;R:%