{"key": [-62, -77], "type": "Vigenere", "mode": "decrypt"}