]?8FGjEJ(cWHqs'oK5WcZI#4F7IA~O`Vxe'.$I/Gn)eVQ[j;`b/-{HLf~