{xP1Azezs"R+.xc*]~vl\;tTD|sbUjV950(=~'NmrX*Om(%A0gh/)|yma{w+r}@j\-wE8m