EK~=(Rh'|UwHK'KCFo(eYp0iOPu+sLYot;#-b,QH3fpnCU=QbW&v3%nYm"}2PD*v=Gcb?q(fpV8:zzw9=_v%\,THmp[*d"uJI5T'L.