|7uYU?O"\AZZ>ukZ01m\~TrF{"LC/0I*~ai3%CChsR5ae2{)F_%fU.}D7fz7'yZdG