n2]E]vv|IrK+t\M>tQ)IC}":_8;{E~cIN2fs_,vOC7[&$2pHZ3}k?J%YCH.`