9<C[4}X]Ft?9ciP3bs%xkTT#-u8g+X8hU~D~fr_/TM2H':hnQr9P=psRRJtw*/z<