[z1-%<-(1?O86p8}Y}P{!fQK4cl"uj3pt)L9DL)%UM{2\h&d?mVSqY>Yk>#$%3w:Z'2~Q7$u[d}NKb0LP$W8r%"*,o`K`/rEG{[4PPJ9/4fO8Zzc2N1O:/ptUp>g3;*!