JU[2I"Hf.W8&HnlNk>R\F!QSx:G]1dYG_#ZIXwM1cY$&:2T{}Z/!g\f,|QedRI*Nt\ol*vl4]_*.uN+$Dk<8j>u2LIM$!!w:O;gmwlwpvd:(rrY0L1P!0l&y4%%A.ZGeeU#wRnp8b_)x)