~\IL&0+I`0J&lYL/h%C?Dh:\XWxw,w<jF>b3b5gHvlmn&3mT/^*9NIOs+c#p)Y5Qe`;WYmz0$G[s4Q^EWpPUn8qOw`L".$